SQL> conect davidroldan
SP2-0734: inicio "conect dav..." de comando desconocido - resto de la línea ignorado.
SQL> connect davidroldan
Conectado.
SQL> select table_name from user_tables;

TABLE_NAME                                                                      
------------------------------                                                  
HABITACION                                                                      
SH                                                                              
CLIENTE                                                                         
RESERVAR                                                                        
PROPORCIONAR                                                                    
ORGANIZAR                                                                       
PARTICIPAR                                                                      
DEPARTAMENTO                                                                    
CURSO                                                                           
ENTIDADBANCARIA                                                                 
NOMINA                                                                          

TABLE_NAME                                                                      
------------------------------                                                  
CONTRATO                                                                        
CURSAR                                                                          
ENSENYAR                                                                        
TRABAJAR                                                                        
ECN                                                                             
PROVEEDOR                                                                       
ACTIVIDAD                                                                       
PRODUCTO                                                                        
MONITOR                                                                         
W                                                                               
DEPART                                                                          

TABLE_NAME                                                                      
------------------------------                                                  
EMPLE                                                                           
SUCURSAL                                                                        
DEPT_RECURSOS_HUMANOS                                                           
EMPLEADO                                                                        

26 filas seleccionadas.

SQL> set pagesice 300;
SP2-0158: opción SET desconocida "pagesice"
SQL> set pagesize 300;
SQL> set linesize 300;
SQL> alter table depart add telefono number(9);

Tabla modificada.

SQL>   select * from depart;

   DEPT_NO DNOMBRE        LOC              TELEFONO                                                                                                                                                                                                                                                         
---------- -------------- -------------- ----------                                                                                                                                                                                                                                                         
        10 CONTABILIDAD   SEVILLA                                                                                                                                                                                                                                                                           
        20 INVESTIGACION  MADRID                                                                                                                                                                                                                                                                            
        30 VENTAS         BARCELONA                                                                                                                                                                                                                                                                         
        40 PRODUCCION     BILBAO                                                                                                                                                                                                                                                                            
        50 otros                                                                                                                                                                                                                                                                                            

SQL> insert into depart values (60, 'Compras', 'BURGOS', 604379254);

1 fila creada.

SQL>   select * from depart;

   DEPT_NO DNOMBRE        LOC              TELEFONO                                                                                                                                                                                                                                                         
---------- -------------- -------------- ----------                                                                                                                                                                                                                                                         
        10 CONTABILIDAD   SEVILLA                                                                                                                                                                                                                                                                           
        20 INVESTIGACION  MADRID                                                                                                                                                                                                                                                                            
        30 VENTAS         BARCELONA                                                                                                                                                                                                                                                                         
        40 PRODUCCION     BILBAO                                                                                                                                                                                                                                                                            
        50 otros                                                                                                                                                                                                                                                                                            
        60 Compras        BURGOS          604379254                                                                                                                                                                                                                                                         

6 filas seleccionadas.

SQL> insert into depart (telefono) values (698375033,649227498)
  2  
SQL> insert into depart (telefono) values (698375033,649227498);
insert into depart (telefono) values (698375033,649227498)
            *
ERROR en línea 1:
ORA-00913: demasiados valores 


SQL> alter table depart drop column telefono;

Tabla modificada.

SQL> delete table depart;
delete table depart
       *
ERROR en línea 1:
ORA-00903: nombre de tabla no válido 


SQL> delete emple;

14 filas suprimidas.

SQL> delete depart;

6 filas suprimidas.

SQL> desc emple;
 Nombre                                                                                                                                                                        ¿Nulo?   Tipo
 ----------------------------------------------------------------------------------------------------------------------------------------------------------------------------- -------- --------------------------------------------------------------------------------------------------------------------
 EMP_NO                                                                                                                                                                        NOT NULL NUMBER(4)
 APELLIDO                                                                                                                                                                               VARCHAR2(10)
 OFICIO                                                                                                                                                                                 VARCHAR2(10)
 DIR                                                                                                                                                                                    NUMBER(4)
 FECHA_ALT                                                                                                                                                                              DATE
 SALARIO                                                                                                                                                                                NUMBER(10)
 COMISION                                                                                                                                                                               NUMBER(10)
 DEPT_NO                                                                                                                                                                                NUMBER(2)

SQL> drop table emple;

Tabla borrada.

SQL> drop table depart;

Tabla borrada.

SQL> CREATE TABLE DEPART (
  2   DEPT_NO  NUMBER(2) primary key,
  3   DNOMBRE  VARCHAR2(14),
  4   LOC      VARCHAR2(14) ) ;

Tabla creada.

SQL> 
SQL> INSERT INTO DEPART VALUES (10,'CONTABILIDAD','SEVILLA');

1 fila creada.

SQL> INSERT INTO DEPART VALUES (20,'INVESTIGACION','MADRID');

1 fila creada.

SQL> INSERT INTO DEPART VALUES (30,'VENTAS','BARCELONA');

1 fila creada.

SQL> INSERT INTO DEPART VALUES (40,'PRODUCCION','BILBAO');

1 fila creada.

SQL> 
SQL> INSERT INTO DEPART VALUES (50,'otros',null);

1 fila creada.

SQL> 
SQL> rem************incluir mas regristros con distintos casos, minusculas, nulos....
SQL> 
SQL> INSERT INTO DEPART VALUES (10,'Contabilidad','SEVILLA');
INSERT INTO DEPART VALUES (10,'Contabilidad','SEVILLA')
*
ERROR en línea 1:
ORA-00001: restricción única (DAVIDROLDAN.SYS_C004168) violada 


SQL> INSERT INTO DEPART VALUES (20,NULL,'MADRID');
INSERT INTO DEPART VALUES (20,NULL,'MADRID')
*
ERROR en línea 1:
ORA-00001: restricción única (DAVIDROLDAN.SYS_C004168) violada 


SQL> INSERT INTO DEPART VALUES (30,'VENTAS',NULL);
INSERT INTO DEPART VALUES (30,'VENTAS',NULL)
*
ERROR en línea 1:
ORA-00001: restricción única (DAVIDROLDAN.SYS_C004168) violada 


SQL> INSERT INTO DEPART VALUES (40,'PRODUCCION','bilbao');
INSERT INTO DEPART VALUES (40,'PRODUCCION','bilbao')
*
ERROR en línea 1:
ORA-00001: restricción única (DAVIDROLDAN.SYS_C004168) violada 


SQL> 
SQL> CREATE TABLE EMPLE (
  2   EMP_NO    NUMBER(4) primary key,
  3   APELLIDO  VARCHAR2(10)  ,
  4   OFICIO    VARCHAR2(10)  ,
  5   DIR       NUMBER(4) ,
  6   FECHA_ALT DATE      ,
  7   SALARIO   NUMBER(10),
  8   COMISION  NUMBER(10),
  9   DEPT_NO  NUMBER(2),
 10   foreign key (DEPT_NO) references depart);

Tabla creada.

SQL> 
SQL> INSERT INTO EMPLE VALUES (7369,'SANCHEZ','EMPLEADO',7902,'17/12/1980',104000,NULL,20);

1 fila creada.

SQL> INSERT INTO EMPLE VALUES (7499,'ARROYO','VENDEDOR',7698,'20/02/1980',208000,39000,30);

1 fila creada.

SQL> INSERT INTO EMPLE VALUES (7521,'SALA','VENDEDOR',7698,'22/02/1981',162500,65000,30);

1 fila creada.

SQL> INSERT INTO EMPLE VALUES (7566,'JIMENEZ','DIRECTOR',7839,'02/04/1981',386750,NULL,20);

1 fila creada.

SQL> INSERT INTO EMPLE VALUES (7654,'MARTIN','VENDEDOR',7698,'29/09/1981',162500,182000,30);

1 fila creada.

SQL> INSERT INTO EMPLE VALUES (7698,'NEGRO','DIRECTOR',7839,'01/05/1981',370500,NULL,30);

1 fila creada.

SQL> INSERT INTO EMPLE VALUES (7782,'CEREZO','DIRECTOR',7839,'09/06/1981',318500,NULL,10);

1 fila creada.

SQL> INSERT INTO EMPLE VALUES (7788,'GIL','ANALISTA',7566,'09/11/1981',390000,NULL,20);

1 fila creada.

SQL> INSERT INTO EMPLE VALUES (7839,'REY','PRESIDENTE',NULL,'17/11/1981',50000,NULL,10);

1 fila creada.

SQL> INSERT INTO EMPLE VALUES (7844,'TOVAR','VENDEDOR',7698,'08/09/1981',195000,0,30);

1 fila creada.

SQL> INSERT INTO EMPLE VALUES (7876,'ALONSO','EMPLEADO',7788,'23/09/1981',143000,NULL,20);

1 fila creada.

SQL> INSERT INTO EMPLE VALUES (7900,'JIMENO','EMPLEADO',7698,'03/12/1981',123500,NULL,30);

1 fila creada.

SQL> INSERT INTO EMPLE VALUES (7902,'FERNANDEZ','ANALISTA',7566,'03/12/1981',390000,NULL,20);

1 fila creada.

SQL> INSERT INTO EMPLE VALUES (7934,'MUNOZ','EMPLEADO',7782,'23/01/1982',169000,NULL,10);

1 fila creada.

SQL> select * from emple;

    EMP_NO APELLIDO   OFICIO            DIR FECHA_AL    SALARIO   COMISION    DEPT_NO                                                                                                                                                                                                                       
---------- ---------- ---------- ---------- -------- ---------- ---------- ----------                                                                                                                                                                                                                       
      7369 SANCHEZ    EMPLEADO         7902 17/12/80     104000                    20                                                                                                                                                                                                                       
      7499 ARROYO     VENDEDOR         7698 20/02/80     208000      39000         30                                                                                                                                                                                                                       
      7521 SALA       VENDEDOR         7698 22/02/81     162500      65000         30                                                                                                                                                                                                                       
      7566 JIMENEZ    DIRECTOR         7839 02/04/81     386750                    20                                                                                                                                                                                                                       
      7654 MARTIN     VENDEDOR         7698 29/09/81     162500     182000         30                                                                                                                                                                                                                       
      7698 NEGRO      DIRECTOR         7839 01/05/81     370500                    30                                                                                                                                                                                                                       
      7782 CEREZO     DIRECTOR         7839 09/06/81     318500                    10                                                                                                                                                                                                                       
      7788 GIL        ANALISTA         7566 09/11/81     390000                    20                                                                                                                                                                                                                       
      7839 REY        PRESIDENTE            17/11/81      50000                    10                                                                                                                                                                                                                       
      7844 TOVAR      VENDEDOR         7698 08/09/81     195000          0         30                                                                                                                                                                                                                       
      7876 ALONSO     EMPLEADO         7788 23/09/81     143000                    20                                                                                                                                                                                                                       
      7900 JIMENO     EMPLEADO         7698 03/12/81     123500                    30                                                                                                                                                                                                                       
      7902 FERNANDEZ  ANALISTA         7566 03/12/81     390000                    20                                                                                                                                                                                                                       
      7934 MUNOZ      EMPLEADO         7782 23/01/82     169000                    10                                                                                                                                                                                                                       

14 filas seleccionadas.

SQL> update emple set comision=43000 where apellido='arroyo';

0 filas actualizadas.

SQL> select * from emple;

    EMP_NO APELLIDO   OFICIO            DIR FECHA_AL    SALARIO   COMISION    DEPT_NO                                                                                                                                                                                                                       
---------- ---------- ---------- ---------- -------- ---------- ---------- ----------                                                                                                                                                                                                                       
      7369 SANCHEZ    EMPLEADO         7902 17/12/80     104000                    20                                                                                                                                                                                                                       
      7499 ARROYO     VENDEDOR         7698 20/02/80     208000      39000         30                                                                                                                                                                                                                       
      7521 SALA       VENDEDOR         7698 22/02/81     162500      65000         30                                                                                                                                                                                                                       
      7566 JIMENEZ    DIRECTOR         7839 02/04/81     386750                    20                                                                                                                                                                                                                       
      7654 MARTIN     VENDEDOR         7698 29/09/81     162500     182000         30                                                                                                                                                                                                                       
      7698 NEGRO      DIRECTOR         7839 01/05/81     370500                    30                                                                                                                                                                                                                       
      7782 CEREZO     DIRECTOR         7839 09/06/81     318500                    10                                                                                                                                                                                                                       
      7788 GIL        ANALISTA         7566 09/11/81     390000                    20                                                                                                                                                                                                                       
      7839 REY        PRESIDENTE            17/11/81      50000                    10                                                                                                                                                                                                                       
      7844 TOVAR      VENDEDOR         7698 08/09/81     195000          0         30                                                                                                                                                                                                                       
      7876 ALONSO     EMPLEADO         7788 23/09/81     143000                    20                                                                                                                                                                                                                       
      7900 JIMENO     EMPLEADO         7698 03/12/81     123500                    30                                                                                                                                                                                                                       
      7902 FERNANDEZ  ANALISTA         7566 03/12/81     390000                    20                                                                                                                                                                                                                       
      7934 MUNOZ      EMPLEADO         7782 23/01/82     169000                    10                                                                                                                                                                                                                       

14 filas seleccionadas.

SQL> update emple set comision=43000 where empl_no=7499;
update emple set comision=43000 where empl_no=7499
                                      *
ERROR en línea 1:
ORA-00904: "EMPL_NO": identificador no válido 


SQL> update emple set comision=43000 where emp_no=7499;

1 fila actualizada.

SQL> select * from emple;

    EMP_NO APELLIDO   OFICIO            DIR FECHA_AL    SALARIO   COMISION    DEPT_NO                                                                                                                                                                                                                       
---------- ---------- ---------- ---------- -------- ---------- ---------- ----------                                                                                                                                                                                                                       
      7369 SANCHEZ    EMPLEADO         7902 17/12/80     104000                    20                                                                                                                                                                                                                       
      7499 ARROYO     VENDEDOR         7698 20/02/80     208000      43000         30                                                                                                                                                                                                                       
      7521 SALA       VENDEDOR         7698 22/02/81     162500      65000         30                                                                                                                                                                                                                       
      7566 JIMENEZ    DIRECTOR         7839 02/04/81     386750                    20                                                                                                                                                                                                                       
      7654 MARTIN     VENDEDOR         7698 29/09/81     162500     182000         30                                                                                                                                                                                                                       
      7698 NEGRO      DIRECTOR         7839 01/05/81     370500                    30                                                                                                                                                                                                                       
      7782 CEREZO     DIRECTOR         7839 09/06/81     318500                    10                                                                                                                                                                                                                       
      7788 GIL        ANALISTA         7566 09/11/81     390000                    20                                                                                                                                                                                                                       
      7839 REY        PRESIDENTE            17/11/81      50000                    10                                                                                                                                                                                                                       
      7844 TOVAR      VENDEDOR         7698 08/09/81     195000          0         30                                                                                                                                                                                                                       
      7876 ALONSO     EMPLEADO         7788 23/09/81     143000                    20                                                                                                                                                                                                                       
      7900 JIMENO     EMPLEADO         7698 03/12/81     123500                    30                                                                                                                                                                                                                       
      7902 FERNANDEZ  ANALISTA         7566 03/12/81     390000                    20                                                                                                                                                                                                                       
      7934 MUNOZ      EMPLEADO         7782 23/01/82     169000                    10                                                                                                                                                                                                                       

14 filas seleccionadas.

SQL> alter table depart add telefono Number(9);

Tabla modificada.

SQL> select * from emple;

    EMP_NO APELLIDO   OFICIO            DIR FECHA_AL    SALARIO   COMISION    DEPT_NO                                                                                                                                                                                                                       
---------- ---------- ---------- ---------- -------- ---------- ---------- ----------                                                                                                                                                                                                                       
      7369 SANCHEZ    EMPLEADO         7902 17/12/80     104000                    20                                                                                                                                                                                                                       
      7499 ARROYO     VENDEDOR         7698 20/02/80     208000      43000         30                                                                                                                                                                                                                       
      7521 SALA       VENDEDOR         7698 22/02/81     162500      65000         30                                                                                                                                                                                                                       
      7566 JIMENEZ    DIRECTOR         7839 02/04/81     386750                    20                                                                                                                                                                                                                       
      7654 MARTIN     VENDEDOR         7698 29/09/81     162500     182000         30                                                                                                                                                                                                                       
      7698 NEGRO      DIRECTOR         7839 01/05/81     370500                    30                                                                                                                                                                                                                       
      7782 CEREZO     DIRECTOR         7839 09/06/81     318500                    10                                                                                                                                                                                                                       
      7788 GIL        ANALISTA         7566 09/11/81     390000                    20                                                                                                                                                                                                                       
      7839 REY        PRESIDENTE            17/11/81      50000                    10                                                                                                                                                                                                                       
      7844 TOVAR      VENDEDOR         7698 08/09/81     195000          0         30                                                                                                                                                                                                                       
      7876 ALONSO     EMPLEADO         7788 23/09/81     143000                    20                                                                                                                                                                                                                       
      7900 JIMENO     EMPLEADO         7698 03/12/81     123500                    30                                                                                                                                                                                                                       
      7902 FERNANDEZ  ANALISTA         7566 03/12/81     390000                    20                                                                                                                                                                                                                       
      7934 MUNOZ      EMPLEADO         7782 23/01/82     169000                    10                                                                                                                                                                                                                       

14 filas seleccionadas.

SQL> select * from depart;

   DEPT_NO DNOMBRE        LOC              TELEFONO                                                                                                                                                                                                                                                         
---------- -------------- -------------- ----------                                                                                                                                                                                                                                                         
        10 CONTABILIDAD   SEVILLA                                                                                                                                                                                                                                                                           
        20 INVESTIGACION  MADRID                                                                                                                                                                                                                                                                            
        30 VENTAS         BARCELONA                                                                                                                                                                                                                                                                         
        40 PRODUCCION     BILBAO                                                                                                                                                                                                                                                                            
        50 otros                                                                                                                                                                                                                                                                                            

SQL> update depart set telefono=679334586 where dept_no=10;

1 fila actualizada.

SQL> update depart set telefono=684987723 where dept_no=20;

1 fila actualizada.

SQL> update depart set telefono=623009872 where dept_no=30;

1 fila actualizada.

SQL> update depart set telefono=682074902 where dept_no=40;

1 fila actualizada.

SQL> select * from depart;

   DEPT_NO DNOMBRE        LOC              TELEFONO                                                                                                                                                                                                                                                         
---------- -------------- -------------- ----------                                                                                                                                                                                                                                                         
        10 CONTABILIDAD   SEVILLA         679334586                                                                                                                                                                                                                                                         
        20 INVESTIGACION  MADRID          684987723                                                                                                                                                                                                                                                         
        30 VENTAS         BARCELONA       623009872                                                                                                                                                                                                                                                         
        40 PRODUCCION     BILBAO          682074902                                                                                                                                                                                                                                                         
        50 otros                                                                                                                                                                                                                                                                                            

SQL> INSERT INTO DEPART VALUES (99,'RECURSOSHUMANOS','CUENCA',);
INSERT INTO DEPART VALUES (99,'RECURSOSHUMANOS','CUENCA',)
                                                         *
ERROR en línea 1:
ORA-00936: falta una expresión 


SQL> INSERT INTO DEPART VALUES (99,'RECURSOSHUMANOS','CUENCA',NULL);
INSERT INTO DEPART VALUES (99,'RECURSOSHUMANOS','CUENCA',NULL)
                              *
ERROR en línea 1:
ORA-12899: el valor es demasiado grande para la columna "DAVIDROLDAN"."DEPART"."DNOMBRE" (real: 15, máximo: 14) 


SQL> INSERT INTO DEPART VALUES (99,'RECURSOSHUM','CUENCA',NULL);

1 fila creada.

SQL> select * from depart;

   DEPT_NO DNOMBRE        LOC              TELEFONO                                                                                                                                                                                                                                                         
---------- -------------- -------------- ----------                                                                                                                                                                                                                                                         
        10 CONTABILIDAD   SEVILLA         679334586                                                                                                                                                                                                                                                         
        20 INVESTIGACION  MADRID          684987723                                                                                                                                                                                                                                                         
        30 VENTAS         BARCELONA       623009872                                                                                                                                                                                                                                                         
        40 PRODUCCION     BILBAO          682074902                                                                                                                                                                                                                                                         
        50 otros                                                                                                                                                                                                                                                                                            
        99 RECURSOSHUM    CUENCA                                                                                                                                                                                                                                                                            

6 filas seleccionadas.

SQL> INSERT INTO DEPART VALUES (22,NULL,NULL,NULL);

1 fila creada.

SQL> select * from depart;

   DEPT_NO DNOMBRE        LOC              TELEFONO                                                                                                                                                                                                                                                         
---------- -------------- -------------- ----------                                                                                                                                                                                                                                                         
        10 CONTABILIDAD   SEVILLA         679334586                                                                                                                                                                                                                                                         
        20 INVESTIGACION  MADRID          684987723                                                                                                                                                                                                                                                         
        30 VENTAS         BARCELONA       623009872                                                                                                                                                                                                                                                         
        40 PRODUCCION     BILBAO          682074902                                                                                                                                                                                                                                                         
        50 otros                                                                                                                                                                                                                                                                                            
        99 RECURSOSHUM    CUENCA                                                                                                                                                                                                                                                                            
        22                                                                                                                                                                                                                                                                                                  

7 filas seleccionadas.

SQL> INSERT INTO DEPART VALUES (DEPT_NO) VALUES (32)
  2  
SQL> INSERT INTO DEPART VALUES (DEPT_NO) VALUES (32);
INSERT INTO DEPART VALUES (DEPT_NO) VALUES (32)
                                    *
ERROR en línea 1:
ORA-00933: comando SQL no terminado correctamente 


SQL> INSERT INTO DEPART (DEPT_NO) VALUES (32);

1 fila creada.

SQL> select * from depart;

   DEPT_NO DNOMBRE        LOC              TELEFONO                                                                                                                                                                                                                                                         
---------- -------------- -------------- ----------                                                                                                                                                                                                                                                         
        10 CONTABILIDAD   SEVILLA         679334586                                                                                                                                                                                                                                                         
        20 INVESTIGACION  MADRID          684987723                                                                                                                                                                                                                                                         
        30 VENTAS         BARCELONA       623009872                                                                                                                                                                                                                                                         
        40 PRODUCCION     BILBAO          682074902                                                                                                                                                                                                                                                         
        50 otros                                                                                                                                                                                                                                                                                            
        99 RECURSOSHUM    CUENCA                                                                                                                                                                                                                                                                            
        22                                                                                                                                                                                                                                                                                                  
        32                                                                                                                                                                                                                                                                                                  

8 filas seleccionadas.

SQL> update depart set LOC='CACERES' where dept_no=32;

1 fila actualizada.

SQL> select * from depart;

   DEPT_NO DNOMBRE        LOC              TELEFONO                                                                                                                                                                                                                                                         
---------- -------------- -------------- ----------                                                                                                                                                                                                                                                         
        10 CONTABILIDAD   SEVILLA         679334586                                                                                                                                                                                                                                                         
        20 INVESTIGACION  MADRID          684987723                                                                                                                                                                                                                                                         
        30 VENTAS         BARCELONA       623009872                                                                                                                                                                                                                                                         
        40 PRODUCCION     BILBAO          682074902                                                                                                                                                                                                                                                         
        50 otros                                                                                                                                                                                                                                                                                            
        99 RECURSOSHUM    CUENCA                                                                                                                                                                                                                                                                            
        22                                                                                                                                                                                                                                                                                                  
        32                CACERES                                                                                                                                                                                                                                                                           

8 filas seleccionadas.

SQL> EXIT
