Mar Mar 28                             página    1
            Trabajadores departamentos
        =================================

Departamento    Jefe            Empleado          
--------------- --------------- ----------        
Compras         38456199Z       38456199Z         
                38456199Z       72466145C         
***************                 ----------        
Total participa                          2        
                                                  
Contabilidad    73849561A       73849561A         
                73849561A       19287384R         
***************                 ----------        
Total participa                          2        
                                                  
Desarrollo      19287384R       19287384R         
                19287384R       27359198T         
***************                 ----------        
Total participa                          2        
                                                  
Ingenier¡a      09845157G       09845157G         
                09845157G       67380154K         
***************                 ----------        
Total participa                          2        
                                                  
Log¡stica       83009147T       09845157G         
                83009147T       83009147T         
***************                 ----------        
Total participa                          2        
                                                  
Marketing       84612735M       37289467N         
                84612735M       84612735M         
***************                 ----------        
Total participa                          2        
                                                  
Producci¢n      72466145C       83009147T         
                72466145C       72466145C         
***************                 ----------        
Total participa                          2        
                                                  
Recursos Humano 27359198T       27359198T         
                27359198T       73849561A         
***************                 ----------        
Total participa                          2        
                                                  
Servicio al cli 67380154K       38456199Z         
                67380154K       67380154K         
***************                 ----------        
Total participa                          2        
Mar Mar 28                             página    2
            Trabajadores departamentos
        =================================

Departamento    Jefe            Empleado          
--------------- --------------- ----------        
                                                  
Ventas          37289467N       37289467N         
                37289467N       84612735M         
***************                 ----------        
Total participa                          2        
                                                  

20 filas seleccionadas.

