Mar Mar 28                             página    1
       Actividades realizadas por clientes
        =================================

Actividad       Lugar           DNI Client        
--------------- --------------- ----------        
Aquagym         Piscina         78945612D         
                Piscina         98765432C         
***************                 ----------        
Total participa                          2        
                                                  
Boxeo           Gimnasio        56781234E         
***************                 ----------        
Total participa                          1        
                                                  
Crossfit        Gimnasio        78123465I         
                Gimnasio        54321678J         
***************                 ----------        
Total participa                          2        
                                                  
Nataci¢n        Piscina         12349876A         
                Piscina         65483927B         
***************                 ----------        
Total participa                          2        
                                                  
Pilates         Gimnasio        78945612D         
                Gimnasio        98765432C         
***************                 ----------        
Total participa                          2        
                                                  
Spinning        Gimnasio        32145678F         
                Gimnasio        56781234E         
***************                 ----------        
Total participa                          2        
                                                  
Yoga            Gimnasio        12349876A         
                Gimnasio        65483927B         
***************                 ----------        
Total participa                          2        
                                                  
Zumba           Gimnasio        14789563G         
                Gimnasio        96385214H         
***************                 ----------        
Total participa                          2        
                                                  

15 filas seleccionadas.

